---
source: crates/sparrow-arrow/src/avro/schema.rs
expression: "&avro_schema"
---
{
  "type": "record",
  "name": "Record",
  "fields": [
    {
      "name": "a",
      "type": [
        "null",
        "long"
      ]
    },
    {
      "name": "b",
      "type": "double"
    },
    {
      "name": "c",
      "type": [
        "null",
        "string"
      ]
    },
    {
      "name": "d",
      "type": {
        "type": "record",
        "name": "r1",
        "fields": [
          {
            "name": "a",
            "type": [
              "null",
              "long"
            ]
          },
          {
            "name": "b",
            "type": "double"
          }
        ]
      }
    }
  ]
}
