_time,_subsort,_key_hash,_key,m,sum_m,n,sum_n
1996-12-20 00:39:57,0,12960666915911099378,A,5.0,5,10.0,10
1996-12-20 00:39:58,1,2867199309159137213,B,24.0,24,3.0,3
1996-12-20 00:39:59,2,12960666915911099378,A,17.0,22,6.0,16
1996-12-20 00:40:00,3,12960666915911099378,A,,22,9.0,25
1996-12-20 00:40:01,4,12960666915911099378,A,12.0,34,,25
1996-12-20 00:40:02,5,12960666915911099378,A,,34,,25
