_time,_subsort,_key_hash,_key,add,time,key,m,n
1996-12-20 00:39:57,0,12960666915911099378,A,15.0,1996-12-19T16:39:57-08:00,A,5.0,10.0
1996-12-20 00:39:58,1,2867199309159137213,B,27.0,1996-12-19T16:39:58-08:00,B,24.0,3.0
1996-12-20 00:39:59,2,12960666915911099378,A,23.0,1996-12-19T16:39:59-08:00,A,17.0,6.0
1996-12-20 00:40:00,3,12960666915911099378,A,,1996-12-19T16:40:00-08:00,A,,9.0
1996-12-20 00:40:01,4,12960666915911099378,A,,1996-12-19T16:40:01-08:00,A,12.0,
1996-12-20 00:40:02,5,12960666915911099378,A,,1996-12-19T16:40:02-08:00,A,,
