_time,_subsort,_key_hash,_key,m,n
1996-12-20 00:39:57,0,12960666915911099378,A,5.0,10.0
1996-12-20 00:39:58,1,2867199309159137213,B,24.0,3.0
1996-12-20 00:39:59,2,12960666915911099378,A,17.0,6.0
1996-12-20 00:40:00,3,12960666915911099378,A,,9.0
1996-12-20 00:40:01,4,12960666915911099378,A,12.0,
1996-12-20 00:40:02,5,12960666915911099378,A,,
