{"_time":851042397000000000,"_subsort":0,"_key_hash":12960666915911099378,"_key":"A","result":5.0}
{"_time":851042398000000000,"_subsort":1,"_key_hash":2867199309159137213,"_key":"B","result":24.0}
{"_time":851042399000000000,"_subsort":2,"_key_hash":12960666915911099378,"_key":"A","result":17.0}
{"_time":851042400000000000,"_subsort":3,"_key_hash":12960666915911099378,"_key":"A","result":null}
{"_time":851042401000000000,"_subsort":4,"_key_hash":12960666915911099378,"_key":"A","result":12.0}
{"_time":851042402000000000,"_subsort":5,"_key_hash":12960666915911099378,"_key":"A","result":null}
