---
source: crates/sparrow-backend/src/logical_to_physical.rs
expression: physical_add_x1_y2
---
steps:
  - id: 0
    kind:
      read:
        source_uuid: 00000000-0000-0000-0000-000000000001
    inputs: []
    result_type:
      Struct:
        - name: x
          data_type: Int64
          nullable: false
          dict_id: 0
          dict_is_ordered: false
          metadata: {}
        - name: y
          data_type: Float64
          nullable: false
          dict_id: 0
          dict_is_ordered: false
          metadata: {}
    exprs: []
  - id: 1
    kind:
      read:
        source_uuid: 00000000-0000-0000-0000-000000000002
    inputs: []
    result_type:
      Struct:
        - name: x
          data_type: Int64
          nullable: false
          dict_id: 0
          dict_is_ordered: false
          metadata: {}
        - name: y
          data_type: Float64
          nullable: false
          dict_id: 0
          dict_is_ordered: false
          metadata: {}
    exprs: []
  - id: 2
    kind: merge
    inputs:
      - 0
      - 1
    result_type:
      Struct:
        - name: step_0
          data_type:
            Struct:
              - name: x
                data_type: Int64
                nullable: false
                dict_id: 0
                dict_is_ordered: false
                metadata: {}
              - name: y
                data_type: Float64
                nullable: false
                dict_id: 0
                dict_is_ordered: false
                metadata: {}
          nullable: true
          dict_id: 0
          dict_is_ordered: false
          metadata: {}
        - name: step_1
          data_type:
            Struct:
              - name: x
                data_type: Int64
                nullable: false
                dict_id: 0
                dict_is_ordered: false
                metadata: {}
              - name: y
                data_type: Float64
                nullable: false
                dict_id: 0
                dict_is_ordered: false
                metadata: {}
          nullable: true
          dict_id: 0
          dict_is_ordered: false
          metadata: {}
    exprs: []
  - id: 3
    kind: project
    inputs:
      - 2
    result_type: Float64
    exprs:
      - name: input
        literal_args: []
        args: []
        result_type:
          Struct:
            - name: step_0
              data_type:
                Struct:
                  - name: x
                    data_type: Int64
                    nullable: false
                    dict_id: 0
                    dict_is_ordered: false
                    metadata: {}
                  - name: y
                    data_type: Float64
                    nullable: false
                    dict_id: 0
                    dict_is_ordered: false
                    metadata: {}
              nullable: true
              dict_id: 0
              dict_is_ordered: false
              metadata: {}
            - name: step_1
              data_type:
                Struct:
                  - name: x
                    data_type: Int64
                    nullable: false
                    dict_id: 0
                    dict_is_ordered: false
                    metadata: {}
                  - name: y
                    data_type: Float64
                    nullable: false
                    dict_id: 0
                    dict_is_ordered: false
                    metadata: {}
              nullable: true
              dict_id: 0
              dict_is_ordered: false
              metadata: {}
      - name: fieldref
        literal_args:
          - Utf8: step_1
        args:
          - 0
        result_type: Float64
      - name: fieldref
        literal_args:
          - Utf8: y
        args:
          - 1
        result_type: Float64
      - name: fieldref
        literal_args:
          - Utf8: step_0
        args:
          - 0
        result_type: Float64
      - name: fieldref
        literal_args:
          - Utf8: x
        args:
          - 3
        result_type: Int64
      - name: cast
        literal_args: []
        args:
          - 4
        result_type: Float64
      - name: add
        literal_args: []
        args:
          - 5
          - 2
        result_type: Float64
pipelines: []

