{"_time":851042397000,"_subsort":0,"_key_hash":12960666915911099378,"_key":"A","m":5.0,"collect_m":[5.0],"n":10.0,"collect_n":[10.0]}
{"_time":851042398000,"_subsort":1,"_key_hash":2867199309159137213,"_key":"B","m":24.0,"collect_m":[24.0],"n":3.0,"collect_n":[3.0]}
{"_time":851042399000,"_subsort":2,"_key_hash":12960666915911099378,"_key":"A","m":17.0,"collect_m":[5.0,17.0],"n":6.0,"collect_n":[10.0,6.0]}
{"_time":851042400000,"_subsort":3,"_key_hash":12960666915911099378,"_key":"A","m":null,"collect_m":[5.0,17.0,null],"n":9.0,"collect_n":[10.0,6.0,9.0]}
{"_time":851042401000,"_subsort":4,"_key_hash":12960666915911099378,"_key":"A","m":12.0,"collect_m":[5.0,17.0,null,12.0],"n":null,"collect_n":[10.0,6.0,9.0,null]}
{"_time":851042402000,"_subsort":5,"_key_hash":12960666915911099378,"_key":"A","m":null,"collect_m":[5.0,17.0,null,12.0,null],"n":null,"collect_n":[10.0,6.0,9.0,null,null]}
