_time,_subsort,_key_hash,_key,m,collect_m_max_2,n,collect_n_max_2
1996-12-20 00:39:57,0,12960666915911099378,A,5.0,[5.],10.0,[10.]
1996-12-20 00:39:58,1,2867199309159137213,B,24.0,[24.],3.0,[3.]
1996-12-20 00:39:59,2,12960666915911099378,A,17.0,[ 5. 17.],6.0,[10.  6.]
1996-12-20 00:40:00,3,12960666915911099378,A,,[17. nan],9.0,[6. 9.]
1996-12-20 00:40:01,4,12960666915911099378,A,12.0,[nan 12.],,[ 9. nan]
1996-12-20 00:40:02,5,12960666915911099378,A,,[12. nan],,[nan nan]
