{"_time":851042397000,"_subsort":0,"_key_hash":12960666915911099378,"_key":"A","m":5.0,"since_m":5.0}
{"_time":851042398000,"_subsort":1,"_key_hash":2867199309159137213,"_key":"B","m":24.0,"since_m":24.0}
{"_time":851042399000,"_subsort":2,"_key_hash":12960666915911099378,"_key":"A","m":17.0,"since_m":22.0}
{"_time":851042400000,"_subsort":3,"_key_hash":12960666915911099378,"_key":"A","m":null,"since_m":null}
{"_time":851042401000,"_subsort":4,"_key_hash":12960666915911099378,"_key":"A","m":12.0,"since_m":12.0}
{"_time":851042402000,"_subsort":5,"_key_hash":12960666915911099378,"_key":"A","m":null,"since_m":null}
