---
source: crates/sparrow-main/src/serve/file_service.rs
expression: result
---
source_metadata:
  schema:
    fields:
      - name: ""
        data_type:
          kind:
            Primitive: 6
      - name: anonymousId
        data_type:
          kind:
            Primitive: 14
      - name: projectId
        data_type:
          kind:
            Primitive: 14
      - name: type
        data_type:
          kind:
            Primitive: 14
      - name: timestamp
        data_type:
          kind:
            Primitive: 14
      - name: sentAt
        data_type:
          kind:
            Primitive: 14
      - name: receivedAt
        data_type:
          kind:
            Primitive: 14
      - name: channel
        data_type:
          kind:
            Primitive: 14
      - name: event
        data_type:
          kind:
            Primitive: 14
      - name: messageId
        data_type:
          kind:
            Primitive: 14
      - name: name
        data_type:
          kind:
            Primitive: 14
      - name: userId
        data_type:
          kind:
            Primitive: 14
      - name: version
        data_type:
          kind:
            Primitive: 6
      - name: context_campaign_content
        data_type:
          kind:
            Primitive: 14
      - name: context_campaign_medium
        data_type:
          kind:
            Primitive: 14
      - name: context_campaign_name
        data_type:
          kind:
            Primitive: 14
      - name: context_campaign_source
        data_type:
          kind:
            Primitive: 14
      - name: context_campaign_term
        data_type:
          kind:
            Primitive: 14
      - name: context_ip
        data_type:
          kind:
            Primitive: 14
      - name: context_library_name
        data_type:
          kind:
            Primitive: 14
      - name: context_library_version
        data_type:
          kind:
            Primitive: 14
      - name: context_locale
        data_type:
          kind:
            Primitive: 14
      - name: context_page_path
        data_type:
          kind:
            Primitive: 14
      - name: context_page_referrer
        data_type:
          kind:
            Primitive: 14
      - name: context_page_search
        data_type:
          kind:
            Primitive: 14
      - name: context_page_title
        data_type:
          kind:
            Primitive: 14
      - name: context_page_url
        data_type:
          kind:
            Primitive: 14
      - name: context_userAgent
        data_type:
          kind:
            Primitive: 14
      - name: properties_formula
        data_type:
          kind:
            Primitive: 14
      - name: properties_isTarget
        data_type:
          kind:
            Primitive: 14
      - name: properties_name
        data_type:
          kind:
            Primitive: 14
      - name: properties_path
        data_type:
          kind:
            Primitive: 14
      - name: properties_referrer
        data_type:
          kind:
            Primitive: 14
      - name: properties_search
        data_type:
          kind:
            Primitive: 14
      - name: properties_selected
        data_type:
          kind:
            Primitive: 14
      - name: properties_title
        data_type:
          kind:
            Primitive: 14
      - name: properties_type
        data_type:
          kind:
            Primitive: 14
      - name: properties_url
        data_type:
          kind:
            Primitive: 14
      - name: traits_activeAccountId
        data_type:
          kind:
            Primitive: 14
      - name: traits_BETA_DATA_SCIENCE
        data_type:
          kind:
            Primitive: 14
      - name: traits_company
        data_type:
          kind:
            Primitive: 14
      - name: traits_DSE_FREE
        data_type:
          kind:
            Primitive: 14
      - name: traits_email
        data_type:
          kind:
            Primitive: 14
      - name: traits_firstName
        data_type:
          kind:
            Primitive: 14
      - name: traits_job
        data_type:
          kind:
            Primitive: 14
      - name: traits_lastName
        data_type:
          kind:
            Primitive: 14
      - name: traits_name
        data_type:
          kind:
            Primitive: 14
      - name: traits_PAID_DS_ACCOUNT
        data_type:
          kind:
            Primitive: 14
      - name: traits_PUBLIC
        data_type:
          kind:
            Primitive: 14
      - name: traits_userId
        data_type:
          kind:
            Primitive: 14
      - name: subsort_id
        data_type:
          kind:
            Primitive: 6

