---
source: crates/sparrow-compiler/tests/compiler_golden_tests.rs
expression: compute_plan
---
per_entity_behavior: 1
operations:
  - expressions:
      - arguments: []
        result_type:
          kind:
            Struct:
              fields:
                - name: sender
                  data_type:
                    kind:
                      Primitive: 10
                  nullable: true
                - name: amount
                  data_type:
                    kind:
                      Primitive: 13
                  nullable: true
                - name: receiver
                  data_type:
                    kind:
                      Primitive: 10
                  nullable: true
                - name: store
                  data_type:
                    kind:
                      Primitive: 10
                  nullable: true
        output: false
        operator:
          Input:
            producing_operation: 0
            input_column: 0
            interpolation: 1
            column:
              ScanRecord: ~
      - arguments: []
        result_type:
          kind:
            Primitive: 24
        output: false
        operator:
          LateBound: 1
      - arguments: []
        result_type:
          kind:
            Primitive: 13
        output: false
        operator:
          Literal:
            literal:
              Float64: 1
      - arguments: []
        result_type:
          kind:
            Primitive: 1
        output: false
        operator:
          Literal:
            literal: ~
      - arguments: []
        result_type:
          kind:
            Primitive: 14
        output: false
        operator:
          Literal:
            literal:
              Utf8: amount
      - arguments:
          - 0
          - 4
        result_type:
          kind:
            Primitive: 13
        output: false
        operator:
          Instruction: field_ref
      - arguments:
          - 5
          - 3
          - 3
        result_type:
          kind:
            Primitive: 13
        output: false
        operator:
          Instruction: sum
      - arguments:
          - 6
          - 2
        result_type:
          kind:
            Primitive: 13
        output: false
        operator:
          Instruction: add
      - arguments: []
        result_type:
          kind:
            Primitive: 14
        output: false
        operator:
          Literal:
            literal:
              Utf8: f2
      - arguments:
          - 8
          - 7
        result_type:
          kind:
            Struct:
              fields:
                - name: f2
                  data_type:
                    kind:
                      Primitive: 13
                  nullable: true
        output: true
        operator:
          Instruction: record
      - arguments:
          - 9
        result_type:
          kind:
            Primitive: 24
        output: false
        operator:
          Instruction: time_of
      - arguments:
          - 10
          - 1
        result_type:
          kind:
            Primitive: 2
        output: true
        operator:
          Instruction: gte
    operator:
      Scan:
        table_id:
          high: 1233317930569911709
          low: 9279388510107214504
        schema:
          fields:
            - name: sender
              data_type:
                kind:
                  Primitive: 10
              nullable: true
            - name: amount
              data_type:
                kind:
                  Primitive: 13
              nullable: true
            - name: receiver
              data_type:
                kind:
                  Primitive: 10
              nullable: true
            - name: store
              data_type:
                kind:
                  Primitive: 10
              nullable: true
        slice_plan:
          table_name: Sent
          slice: ~
  - expressions:
      - arguments: []
        result_type:
          kind:
            Struct:
              fields:
                - name: f2
                  data_type:
                    kind:
                      Primitive: 13
                  nullable: true
        output: true
        operator:
          Input:
            producing_operation: 0
            input_column: 3
            interpolation: 1
            column:
              ProducerExpression: 9
    operator:
      Select:
        input: 0
        condition:
          producing_operation: 0
          input_column: 4
          interpolation: 1
          column:
            ProducerExpression: 11
primary_grouping: account
primary_grouping_key_type:
  kind:
    Primitive: 10

