{"_time":851042397000000000,"_subsort":0,"_key_hash":2521269998124177631,"_key":"C","time":"1996-12-19T16:39:57-08:00","key":"A","m":5.0,"new_key":"C"}
{"_time":851042398000000000,"_subsort":1,"_key_hash":1021973589662386405,"_key":"D","time":"1996-12-19T16:39:58-08:00","key":"B","m":24.0,"new_key":"D"}
{"_time":851042399000000000,"_subsort":2,"_key_hash":2521269998124177631,"_key":"C","time":"1996-12-19T16:39:59-08:00","key":"A","m":17.0,"new_key":"C"}
{"_time":851042400000000000,"_subsort":3,"_key_hash":2521269998124177631,"_key":"C","time":"1996-12-19T16:40:00-08:00","key":"A","m":9.0,"new_key":"C"}
{"_time":851042401000000000,"_subsort":4,"_key_hash":2521269998124177631,"_key":"C","time":"1996-12-19T16:40:01-08:00","key":"A","m":12.0,"new_key":"C"}
{"_time":851042402000000000,"_subsort":5,"_key_hash":2521269998124177631,"_key":"C","time":"1996-12-19T16:40:02-08:00","key":"A","m":null,"new_key":"C"}
