{"_time":851042397000,"_subsort":0,"_key_hash":12960666915911099378,"_key":"A","m":5.0,"n":10.0,"add":15.0,"sub":-5.0}
{"_time":851042398000,"_subsort":1,"_key_hash":2867199309159137213,"_key":"B","m":24.0,"n":3.0,"add":27.0,"sub":21.0}
{"_time":851042399000,"_subsort":2,"_key_hash":12960666915911099378,"_key":"A","m":17.0,"n":6.0,"add":23.0,"sub":11.0}
{"_time":851042400000,"_subsort":3,"_key_hash":12960666915911099378,"_key":"A","m":null,"n":9.0,"add":null,"sub":null}
{"_time":851042401000,"_subsort":4,"_key_hash":12960666915911099378,"_key":"A","m":12.0,"n":null,"add":null,"sub":null}
{"_time":851042402000,"_subsort":5,"_key_hash":12960666915911099378,"_key":"A","m":null,"n":null,"add":null,"sub":null}
