{"_time":851042397000000000,"_subsort":0,"_key_hash":12960666915911099378,"_key":"A","m":5.0,"time_of_m":851042397000000000,"n":10.0,"time_of_n":851042397000000000}
{"_time":851042398000000000,"_subsort":1,"_key_hash":2867199309159137213,"_key":"B","m":24.0,"time_of_m":851042398000000000,"n":3.0,"time_of_n":851042398000000000}
{"_time":851042399000000000,"_subsort":2,"_key_hash":12960666915911099378,"_key":"A","m":17.0,"time_of_m":851042399000000000,"n":6.0,"time_of_n":851042399000000000}
{"_time":851042400000000000,"_subsort":3,"_key_hash":12960666915911099378,"_key":"A","m":null,"time_of_m":851042400000000000,"n":9.0,"time_of_n":851042400000000000}
{"_time":851042401000000000,"_subsort":4,"_key_hash":12960666915911099378,"_key":"A","m":12.0,"time_of_m":851042401000000000,"n":null,"time_of_n":851042401000000000}
{"_time":851042402000000000,"_subsort":5,"_key_hash":12960666915911099378,"_key":"A","m":null,"time_of_m":851042402000000000,"n":null,"time_of_n":851042402000000000}
